========================================
执行时间: 2026-01-28 15:50:01
脚本目录: /www/ddns_ipv6
工作目录: /root
========================================
📦 日志文件大小: 0MB，无需清理
----------------------------------------
✅ 使用Python项目管理器Python: /www/server/python_manager/versions/3.12.0/bin/python3
Python版本: 3.12.0
正在执行DDNS更新...
----------------------------------------
2026-01-28 15:50:01 - INFO - ============================================================
2026-01-28 15:50:01 - INFO - 阿里云DDNS启动 - 2026-01-28 15:50:01
2026-01-28 15:50:01 - INFO - 检查配置...
2026-01-28 15:50:01 - INFO - ✅ AccessKey ID格式正确: LTAI5tMRYy...
2026-01-28 15:50:01 - INFO - ✅ AccessKey Secret格式正确: zKlMNOedbd...
2026-01-28 15:50:01 - INFO - ✅ 主域名: hia1321.cn
2026-01-28 15:50:01 - INFO - ✅ 配置了 3 个子域名
2026-01-28 15:50:01 - INFO - ✅ 配置检查通过
2026-01-28 15:50:01 - INFO - 获取公网IPv6地址...
2026-01-28 15:50:02 - INFO - ✅ 获取到IPv6地址: 2409:8a45:34a0:de90::b76
2026-01-28 15:50:02 - INFO - 从配置缓存读取IP: 2409:8a45:34a0:de90::b76
2026-01-28 15:50:02 - INFO - ✅ IP地址未变化，无需更新
----------------------------------------
✅ DDNS更新成功

